exports[`test should render an App container 1`] = `<Connect(App) />`;
