// Jest Snapshot v1, https://goo.gl/fbAQLP

exports[`should render a blender component 1`] = `<Connect(Preview) />`;
