// Jest Snapshot v1, https://goo.gl/fbAQLP

exports[`should render a MainFragment component 1`] = `<Connect(MainFragment) />`;
