exports[`test should render a dropzone component 1`] = `<Connect(DropZone) />`;
