// Jest Snapshot v1, https://goo.gl/fbAQLP

exports[`Loading should render an Loading container 1`] = `
<div
  className="content__loading"
>
  <canvas
    className="canvas"
    height="841"
    id="stage"
    style={
      Object {
        "backgroundColor": "rgba(0, 0, 0, 0)",
      }
    }
    width="1534"
  />
  <Component
    style={
      Object {
        "alpha": Object {
          "damping": 80,
          "precision": 0.01,
          "stiffness": 80,
          "val": 0,
        },
        "rotate": Object {
          "damping": 60,
          "precision": 0.01,
          "stiffness": 80,
          "val": 0,
        },
      }
    }
  />
</div>
`;
