exports[`test should render a MainFragment component 1`] = `<Connect(MainFragment) />`;
