exports[`test should render a notfound component 1`] = `
<div
  className="nf-container">
  <h3>
    The section you\'re looking for is ..mmh.. not here.
    <br />
    <span
      className="nf-sad">
       :( 
    </span>
  </h3>
</div>
`;
