exports[`test should render a blender component 1`] = `<Connect(Preview) />`;
