exports[`LoaderWrapper should render a table component 1`] = `<Connect(Table) />`;
